2026-03-23 04:31:30,038 | INFO     | Config:
exp_name: spressure_N10k_lr1e-3_e250_v1
model:
  input_dim: 3
  output_dim: 1
  head_num: 8
  hidden_dim: 256
  res: true
  slice_num: 32
  layer_num: 5
  mlp_ratio: 1.5
  dropout: 0.1
training:
  input: surface_anchor_position
  target: surface_anchor_pressure
  batch_size: 1
  epochs: 250
  lr: 0.001
  scheduler_step: 50
  scheduler_gamma: 0.5
  max_grad_norm: 0.1
  num_workers: 1
  weight_decay: 0.0
  test_only: 0
  gpus: '0'
  root_dir: /mnt/wjc_group/mae-zhangbj/DrivAerML_dataset/small
  seed: 42

2026-03-23 04:31:30,038 | INFO     | args.exp_name : spressure_N10k_lr1e-3_e250_v1
2026-03-23 04:31:30,038 | INFO     | Starting training with 1 GPUs
2026-03-23 04:31:30,312 | INFO     | Total trainable parameters: 3381321
2026-03-23 04:31:30,312 | INFO     | Data loaded: 380 training batches, 33 validation batches, 44 test batches
2026-03-23 04:31:30,313 | INFO     | Staring training for 250 epochs
2026-03-23 04:34:02,696 | INFO     | Epoch 1/250 - Train Loss: 0.765965, Val Loss: 0.563511[0m
2026-03-23 04:34:02,720 | INFO     | New best model saved with Val Loss: 0.563511
2026-03-23 04:36:34,761 | INFO     | Epoch 2/250 - Train Loss: 0.524721, Val Loss: 0.523345[0m
2026-03-23 04:36:34,807 | INFO     | New best model saved with Val Loss: 0.523345
2026-03-23 04:39:07,055 | INFO     | Epoch 3/250 - Train Loss: 0.473768, Val Loss: 0.432837[0m
2026-03-23 04:39:07,098 | INFO     | New best model saved with Val Loss: 0.432837
2026-03-23 04:41:39,226 | INFO     | Epoch 4/250 - Train Loss: 0.375254, Val Loss: 0.312407[0m
2026-03-23 04:41:39,276 | INFO     | New best model saved with Val Loss: 0.312407
2026-03-23 04:44:11,263 | INFO     | Epoch 5/250 - Train Loss: 0.307736, Val Loss: 0.270828[0m
2026-03-23 04:44:11,316 | INFO     | New best model saved with Val Loss: 0.270828
2026-03-23 04:46:43,427 | INFO     | Epoch 6/250 - Train Loss: 0.268099, Val Loss: 0.251272[0m
2026-03-23 04:46:43,483 | INFO     | New best model saved with Val Loss: 0.251272
2026-03-23 04:49:15,520 | INFO     | Epoch 7/250 - Train Loss: 0.254340, Val Loss: 0.234214[0m
2026-03-23 04:49:15,579 | INFO     | New best model saved with Val Loss: 0.234214
2026-03-23 04:51:47,691 | INFO     | Epoch 8/250 - Train Loss: 0.227044, Val Loss: 0.205703[0m
2026-03-23 04:51:47,741 | INFO     | New best model saved with Val Loss: 0.205703
2026-03-23 04:54:19,759 | INFO     | Epoch 9/250 - Train Loss: 0.207694, Val Loss: 0.190100[0m
2026-03-23 04:54:19,809 | INFO     | New best model saved with Val Loss: 0.190100
2026-03-23 04:56:51,826 | INFO     | Epoch 10/250 - Train Loss: 0.193039, Val Loss: 0.182501[0m
2026-03-23 04:56:51,876 | INFO     | New best model saved with Val Loss: 0.182501
2026-03-23 04:59:23,987 | INFO     | Epoch 11/250 - Train Loss: 0.180404, Val Loss: 0.170405[0m
2026-03-23 04:59:24,037 | INFO     | New best model saved with Val Loss: 0.170405
2026-03-23 05:01:56,054 | INFO     | Epoch 12/250 - Train Loss: 0.172937, Val Loss: 0.158220[0m
2026-03-23 05:01:56,104 | INFO     | New best model saved with Val Loss: 0.158220
2026-03-23 05:04:28,124 | INFO     | Epoch 13/250 - Train Loss: 0.161845, Val Loss: 0.146710[0m
2026-03-23 05:04:28,174 | INFO     | New best model saved with Val Loss: 0.146710
2026-03-23 05:07:00,278 | INFO     | Epoch 14/250 - Train Loss: 0.151594, Val Loss: 0.149450[0m
2026-03-23 05:09:32,310 | INFO     | Epoch 15/250 - Train Loss: 0.144836, Val Loss: 0.137571[0m
2026-03-23 05:09:32,361 | INFO     | New best model saved with Val Loss: 0.137571
2026-03-23 05:12:04,432 | INFO     | Epoch 16/250 - Train Loss: 0.138430, Val Loss: 0.140494[0m
2026-03-23 05:14:36,473 | INFO     | Epoch 17/250 - Train Loss: 0.131722, Val Loss: 0.119720[0m
2026-03-23 05:14:36,524 | INFO     | New best model saved with Val Loss: 0.119720
2026-03-23 05:17:08,547 | INFO     | Epoch 18/250 - Train Loss: 0.126480, Val Loss: 0.123593[0m
2026-03-23 05:19:40,626 | INFO     | Epoch 19/250 - Train Loss: 0.120401, Val Loss: 0.109801[0m
2026-03-23 05:19:40,680 | INFO     | New best model saved with Val Loss: 0.109801
2026-03-23 05:22:12,836 | INFO     | Epoch 20/250 - Train Loss: 0.113994, Val Loss: 0.098181[0m
2026-03-23 05:22:12,887 | INFO     | New best model saved with Val Loss: 0.098181
2026-03-23 05:24:45,016 | INFO     | Epoch 21/250 - Train Loss: 0.107738, Val Loss: 0.100948[0m
2026-03-23 05:27:17,042 | INFO     | Epoch 22/250 - Train Loss: 0.104801, Val Loss: 0.097732[0m
2026-03-23 05:27:17,093 | INFO     | New best model saved with Val Loss: 0.097732
2026-03-23 05:29:49,198 | INFO     | Epoch 23/250 - Train Loss: 0.100766, Val Loss: 0.089856[0m
2026-03-23 05:29:49,249 | INFO     | New best model saved with Val Loss: 0.089856
2026-03-23 05:32:21,288 | INFO     | Epoch 24/250 - Train Loss: 0.095918, Val Loss: 0.087804[0m
2026-03-23 05:32:21,339 | INFO     | New best model saved with Val Loss: 0.087804
2026-03-23 05:34:53,356 | INFO     | Epoch 25/250 - Train Loss: 0.092689, Val Loss: 0.083550[0m
2026-03-23 05:34:53,406 | INFO     | New best model saved with Val Loss: 0.083550
2026-03-23 05:37:25,502 | INFO     | Epoch 26/250 - Train Loss: 0.091566, Val Loss: 0.089593[0m
2026-03-23 05:39:57,550 | INFO     | Epoch 27/250 - Train Loss: 0.085161, Val Loss: 0.079659[0m
2026-03-23 05:39:57,601 | INFO     | New best model saved with Val Loss: 0.079659
2026-03-23 05:42:29,638 | INFO     | Epoch 28/250 - Train Loss: 0.084199, Val Loss: 0.079291[0m
2026-03-23 05:42:29,688 | INFO     | New best model saved with Val Loss: 0.079291
2026-03-23 05:45:01,723 | INFO     | Epoch 29/250 - Train Loss: 0.080845, Val Loss: 0.076563[0m
2026-03-23 05:45:01,774 | INFO     | New best model saved with Val Loss: 0.076563
2026-03-23 05:47:33,870 | INFO     | Epoch 30/250 - Train Loss: 0.077479, Val Loss: 0.072166[0m
2026-03-23 05:47:33,910 | INFO     | New best model saved with Val Loss: 0.072166
2026-03-23 05:50:06,059 | INFO     | Epoch 31/250 - Train Loss: 0.077813, Val Loss: 0.076503[0m
2026-03-23 05:52:38,100 | INFO     | Epoch 32/250 - Train Loss: 0.074254, Val Loss: 0.068547[0m
2026-03-23 05:52:38,142 | INFO     | New best model saved with Val Loss: 0.068547
2026-03-23 05:55:10,194 | INFO     | Epoch 33/250 - Train Loss: 0.069918, Val Loss: 0.066804[0m
2026-03-23 05:55:10,242 | INFO     | New best model saved with Val Loss: 0.066804
2026-03-23 05:57:42,280 | INFO     | Epoch 34/250 - Train Loss: 0.068817, Val Loss: 0.066037[0m
2026-03-23 05:57:42,332 | INFO     | New best model saved with Val Loss: 0.066037
2026-03-23 06:00:14,382 | INFO     | Epoch 35/250 - Train Loss: 0.065892, Val Loss: 0.062947[0m
2026-03-23 06:00:14,433 | INFO     | New best model saved with Val Loss: 0.062947
2026-03-23 06:02:46,554 | INFO     | Epoch 36/250 - Train Loss: 0.064304, Val Loss: 0.057274[0m
2026-03-23 06:02:46,609 | INFO     | New best model saved with Val Loss: 0.057274
2026-03-23 06:05:18,708 | INFO     | Epoch 37/250 - Train Loss: 0.063402, Val Loss: 0.059752[0m
2026-03-23 06:07:50,781 | INFO     | Epoch 38/250 - Train Loss: 0.061575, Val Loss: 0.061150[0m
2026-03-23 06:10:22,862 | INFO     | Epoch 39/250 - Train Loss: 0.058781, Val Loss: 0.056521[0m
2026-03-23 06:10:22,913 | INFO     | New best model saved with Val Loss: 0.056521
2026-03-23 06:12:54,979 | INFO     | Epoch 40/250 - Train Loss: 0.057481, Val Loss: 0.058960[0m
2026-03-23 06:15:27,105 | INFO     | Epoch 41/250 - Train Loss: 0.056897, Val Loss: 0.051491[0m
2026-03-23 06:15:27,156 | INFO     | New best model saved with Val Loss: 0.051491
2026-03-23 06:17:59,185 | INFO     | Epoch 42/250 - Train Loss: 0.056450, Val Loss: 0.053743[0m
2026-03-23 06:20:31,316 | INFO     | Epoch 43/250 - Train Loss: 0.053773, Val Loss: 0.051199[0m
2026-03-23 06:20:31,366 | INFO     | New best model saved with Val Loss: 0.051199
2026-03-23 06:23:03,410 | INFO     | Epoch 44/250 - Train Loss: 0.058761, Val Loss: 0.058323[0m
2026-03-23 06:25:35,437 | INFO     | Epoch 45/250 - Train Loss: 0.053297, Val Loss: 0.050457[0m
2026-03-23 06:25:35,487 | INFO     | New best model saved with Val Loss: 0.050457
2026-03-23 06:28:07,548 | INFO     | Epoch 46/250 - Train Loss: 0.049519, Val Loss: 0.044931[0m
2026-03-23 06:28:07,599 | INFO     | New best model saved with Val Loss: 0.044931
2026-03-23 06:30:39,650 | INFO     | Epoch 47/250 - Train Loss: 0.048525, Val Loss: 0.047660[0m
2026-03-23 06:33:11,693 | INFO     | Epoch 48/250 - Train Loss: 0.048268, Val Loss: 0.047054[0m
2026-03-23 06:35:43,792 | INFO     | Epoch 49/250 - Train Loss: 0.048410, Val Loss: 0.047063[0m
2026-03-23 06:38:15,881 | INFO     | Epoch 50/250 - Train Loss: 0.047015, Val Loss: 0.045393[0m
2026-03-23 06:40:48,010 | INFO     | Epoch 51/250 - Train Loss: 0.037437, Val Loss: 0.035660[0m
2026-03-23 06:40:48,058 | INFO     | New best model saved with Val Loss: 0.035660
2026-03-23 06:43:20,095 | INFO     | Epoch 52/250 - Train Loss: 0.036151, Val Loss: 0.035474[0m
2026-03-23 06:43:20,156 | INFO     | New best model saved with Val Loss: 0.035474
2026-03-23 06:45:52,208 | INFO     | Epoch 53/250 - Train Loss: 0.036103, Val Loss: 0.034505[0m
2026-03-23 06:45:52,259 | INFO     | New best model saved with Val Loss: 0.034505
2026-03-23 06:48:24,342 | INFO     | Epoch 54/250 - Train Loss: 0.035454, Val Loss: 0.036998[0m
2026-03-23 06:50:56,427 | INFO     | Epoch 55/250 - Train Loss: 0.035210, Val Loss: 0.033861[0m
2026-03-23 06:50:56,477 | INFO     | New best model saved with Val Loss: 0.033861
2026-03-23 06:53:28,552 | INFO     | Epoch 56/250 - Train Loss: 0.034574, Val Loss: 0.032996[0m
2026-03-23 06:53:28,603 | INFO     | New best model saved with Val Loss: 0.032996
2026-03-23 06:56:00,690 | INFO     | Epoch 57/250 - Train Loss: 0.033530, Val Loss: 0.032657[0m
2026-03-23 06:56:00,736 | INFO     | New best model saved with Val Loss: 0.032657
2026-03-23 06:58:32,819 | INFO     | Epoch 58/250 - Train Loss: 0.032978, Val Loss: 0.032704[0m
2026-03-23 07:01:04,902 | INFO     | Epoch 59/250 - Train Loss: 0.033282, Val Loss: 0.032537[0m
2026-03-23 07:01:04,961 | INFO     | New best model saved with Val Loss: 0.032537
2026-03-23 07:03:37,066 | INFO     | Epoch 60/250 - Train Loss: 0.032751, Val Loss: 0.032862[0m
2026-03-23 07:06:09,251 | INFO     | Epoch 61/250 - Train Loss: 0.032456, Val Loss: 0.030759[0m
2026-03-23 07:06:09,301 | INFO     | New best model saved with Val Loss: 0.030759
2026-03-23 07:08:41,363 | INFO     | Epoch 62/250 - Train Loss: 0.032059, Val Loss: 0.032406[0m
2026-03-23 07:11:13,430 | INFO     | Epoch 63/250 - Train Loss: 0.032004, Val Loss: 0.030059[0m
2026-03-23 07:11:13,481 | INFO     | New best model saved with Val Loss: 0.030059
2026-03-23 07:13:45,549 | INFO     | Epoch 64/250 - Train Loss: 0.031007, Val Loss: 0.031244[0m
2026-03-23 07:16:17,602 | INFO     | Epoch 65/250 - Train Loss: 0.030978, Val Loss: 0.029968[0m
2026-03-23 07:16:17,651 | INFO     | New best model saved with Val Loss: 0.029968
2026-03-23 07:18:49,668 | INFO     | Epoch 66/250 - Train Loss: 0.030507, Val Loss: 0.030148[0m
2026-03-23 07:21:21,692 | INFO     | Epoch 67/250 - Train Loss: 0.029734, Val Loss: 0.030909[0m
2026-03-23 07:23:53,717 | INFO     | Epoch 68/250 - Train Loss: 0.029480, Val Loss: 0.030658[0m
2026-03-23 07:26:25,733 | INFO     | Epoch 69/250 - Train Loss: 0.029962, Val Loss: 0.029080[0m
2026-03-23 07:26:25,783 | INFO     | New best model saved with Val Loss: 0.029080
2026-03-23 07:28:57,819 | INFO     | Epoch 70/250 - Train Loss: 0.029070, Val Loss: 0.030187[0m
2026-03-23 07:31:29,959 | INFO     | Epoch 71/250 - Train Loss: 0.028982, Val Loss: 0.029823[0m
2026-03-23 07:34:01,997 | INFO     | Epoch 72/250 - Train Loss: 0.029055, Val Loss: 0.029679[0m
2026-03-23 07:36:34,027 | INFO     | Epoch 73/250 - Train Loss: 0.028538, Val Loss: 0.028714[0m
2026-03-23 07:36:34,074 | INFO     | New best model saved with Val Loss: 0.028714
2026-03-23 07:39:06,102 | INFO     | Epoch 74/250 - Train Loss: 0.027926, Val Loss: 0.030559[0m
2026-03-23 07:41:38,140 | INFO     | Epoch 75/250 - Train Loss: 0.027831, Val Loss: 0.030859[0m
2026-03-23 07:44:10,179 | INFO     | Epoch 76/250 - Train Loss: 0.027606, Val Loss: 0.028563[0m
2026-03-23 07:44:10,229 | INFO     | New best model saved with Val Loss: 0.028563
2026-03-23 07:46:42,275 | INFO     | Epoch 77/250 - Train Loss: 0.027234, Val Loss: 0.028468[0m
2026-03-23 07:46:42,325 | INFO     | New best model saved with Val Loss: 0.028468
2026-03-23 07:49:14,374 | INFO     | Epoch 78/250 - Train Loss: 0.027146, Val Loss: 0.028611[0m
2026-03-23 07:51:46,420 | INFO     | Epoch 79/250 - Train Loss: 0.027095, Val Loss: 0.027538[0m
2026-03-23 07:51:46,470 | INFO     | New best model saved with Val Loss: 0.027538
2026-03-23 07:54:18,516 | INFO     | Epoch 80/250 - Train Loss: 0.026705, Val Loss: 0.028319[0m
2026-03-23 07:56:50,664 | INFO     | Epoch 81/250 - Train Loss: 0.025990, Val Loss: 0.027356[0m
2026-03-23 07:56:50,714 | INFO     | New best model saved with Val Loss: 0.027356
2026-03-23 07:59:22,769 | INFO     | Epoch 82/250 - Train Loss: 0.026115, Val Loss: 0.027093[0m
2026-03-23 07:59:22,822 | INFO     | New best model saved with Val Loss: 0.027093
2026-03-23 08:01:54,874 | INFO     | Epoch 83/250 - Train Loss: 0.025986, Val Loss: 0.026528[0m
2026-03-23 08:01:54,914 | INFO     | New best model saved with Val Loss: 0.026528
2026-03-23 08:04:27,006 | INFO     | Epoch 84/250 - Train Loss: 0.025409, Val Loss: 0.025620[0m
2026-03-23 08:04:27,057 | INFO     | New best model saved with Val Loss: 0.025620
2026-03-23 08:06:59,139 | INFO     | Epoch 85/250 - Train Loss: 0.026251, Val Loss: 0.026865[0m
2026-03-23 08:09:31,241 | INFO     | Epoch 86/250 - Train Loss: 0.025284, Val Loss: 0.026540[0m
2026-03-23 08:12:03,336 | INFO     | Epoch 87/250 - Train Loss: 0.024741, Val Loss: 0.024845[0m
2026-03-23 08:12:03,385 | INFO     | New best model saved with Val Loss: 0.024845
2026-03-23 08:14:35,490 | INFO     | Epoch 88/250 - Train Loss: 0.024565, Val Loss: 0.025254[0m
2026-03-23 08:17:07,678 | INFO     | Epoch 89/250 - Train Loss: 0.025006, Val Loss: 0.028217[0m
2026-03-23 08:19:39,711 | INFO     | Epoch 90/250 - Train Loss: 0.024741, Val Loss: 0.024638[0m
2026-03-23 08:19:39,763 | INFO     | New best model saved with Val Loss: 0.024638
2026-03-23 08:22:11,894 | INFO     | Epoch 91/250 - Train Loss: 0.024056, Val Loss: 0.025097[0m
2026-03-23 08:24:43,933 | INFO     | Epoch 92/250 - Train Loss: 0.024145, Val Loss: 0.023677[0m
2026-03-23 08:24:43,984 | INFO     | New best model saved with Val Loss: 0.023677
2026-03-23 08:27:16,039 | INFO     | Epoch 93/250 - Train Loss: 0.024304, Val Loss: 0.025022[0m
2026-03-23 08:29:48,095 | INFO     | Epoch 94/250 - Train Loss: 0.024090, Val Loss: 0.028373[0m
2026-03-23 08:32:20,122 | INFO     | Epoch 95/250 - Train Loss: 0.023637, Val Loss: 0.025051[0m
2026-03-23 08:34:52,299 | INFO     | Epoch 96/250 - Train Loss: 0.023850, Val Loss: 0.026016[0m
2026-03-23 08:37:24,948 | INFO     | Epoch 97/250 - Train Loss: 0.023508, Val Loss: 0.025635[0m
2026-03-23 08:39:57,139 | INFO     | Epoch 98/250 - Train Loss: 0.023993, Val Loss: 0.025177[0m
2026-03-23 08:42:29,252 | INFO     | Epoch 99/250 - Train Loss: 0.023050, Val Loss: 0.027427[0m
2026-03-23 08:45:01,397 | INFO     | Epoch 100/250 - Train Loss: 0.022831, Val Loss: 0.025391[0m
2026-03-23 08:47:33,699 | INFO     | Epoch 101/250 - Train Loss: 0.018776, Val Loss: 0.020190[0m
2026-03-23 08:47:33,749 | INFO     | New best model saved with Val Loss: 0.020190
2026-03-23 08:50:05,870 | INFO     | Epoch 102/250 - Train Loss: 0.018224, Val Loss: 0.020003[0m
2026-03-23 08:50:05,925 | INFO     | New best model saved with Val Loss: 0.020003
2026-03-23 08:52:38,169 | INFO     | Epoch 103/250 - Train Loss: 0.018245, Val Loss: 0.019786[0m
2026-03-23 08:52:38,220 | INFO     | New best model saved with Val Loss: 0.019786
2026-03-23 08:55:10,321 | INFO     | Epoch 104/250 - Train Loss: 0.018152, Val Loss: 0.020307[0m
2026-03-23 08:57:42,449 | INFO     | Epoch 105/250 - Train Loss: 0.017996, Val Loss: 0.020338[0m
2026-03-23 09:00:14,563 | INFO     | Epoch 106/250 - Train Loss: 0.018010, Val Loss: 0.019863[0m
2026-03-23 09:02:46,701 | INFO     | Epoch 107/250 - Train Loss: 0.017758, Val Loss: 0.019683[0m
2026-03-23 09:02:46,752 | INFO     | New best model saved with Val Loss: 0.019683
2026-03-23 09:05:18,950 | INFO     | Epoch 108/250 - Train Loss: 0.017883, Val Loss: 0.020901[0m
2026-03-23 09:07:51,044 | INFO     | Epoch 109/250 - Train Loss: 0.017613, Val Loss: 0.020120[0m
2026-03-23 09:10:23,232 | INFO     | Epoch 110/250 - Train Loss: 0.017703, Val Loss: 0.019661[0m
2026-03-23 09:10:23,293 | INFO     | New best model saved with Val Loss: 0.019661
2026-03-23 09:12:55,783 | INFO     | Epoch 111/250 - Train Loss: 0.017381, Val Loss: 0.019600[0m
2026-03-23 09:12:55,829 | INFO     | New best model saved with Val Loss: 0.019600
2026-03-23 09:15:27,927 | INFO     | Epoch 112/250 - Train Loss: 0.017244, Val Loss: 0.019606[0m
2026-03-23 09:18:00,034 | INFO     | Epoch 113/250 - Train Loss: 0.017237, Val Loss: 0.019305[0m
2026-03-23 09:18:00,080 | INFO     | New best model saved with Val Loss: 0.019305
2026-03-23 09:20:32,268 | INFO     | Epoch 114/250 - Train Loss: 0.017155, Val Loss: 0.019464[0m
2026-03-23 09:23:04,834 | INFO     | Epoch 115/250 - Train Loss: 0.017032, Val Loss: 0.018944[0m
2026-03-23 09:23:04,887 | INFO     | New best model saved with Val Loss: 0.018944
2026-03-23 09:25:37,001 | INFO     | Epoch 116/250 - Train Loss: 0.017055, Val Loss: 0.020630[0m
2026-03-23 09:28:09,108 | INFO     | Epoch 117/250 - Train Loss: 0.017037, Val Loss: 0.020624[0m
2026-03-23 09:30:41,198 | INFO     | Epoch 118/250 - Train Loss: 0.016779, Val Loss: 0.019287[0m
2026-03-23 09:33:13,306 | INFO     | Epoch 119/250 - Train Loss: 0.016536, Val Loss: 0.019579[0m
2026-03-23 09:35:45,409 | INFO     | Epoch 120/250 - Train Loss: 0.016883, Val Loss: 0.018813[0m
2026-03-23 09:35:45,460 | INFO     | New best model saved with Val Loss: 0.018813
2026-03-23 09:38:17,659 | INFO     | Epoch 121/250 - Train Loss: 0.016661, Val Loss: 0.018556[0m
2026-03-23 09:38:17,711 | INFO     | New best model saved with Val Loss: 0.018556
2026-03-23 09:40:49,817 | INFO     | Epoch 122/250 - Train Loss: 0.016539, Val Loss: 0.019235[0m
2026-03-23 09:43:21,914 | INFO     | Epoch 123/250 - Train Loss: 0.016235, Val Loss: 0.018879[0m
2026-03-23 09:45:54,081 | INFO     | Epoch 124/250 - Train Loss: 0.016175, Val Loss: 0.018657[0m
2026-03-23 09:48:26,199 | INFO     | Epoch 125/250 - Train Loss: 0.016080, Val Loss: 0.018153[0m
2026-03-23 09:48:26,249 | INFO     | New best model saved with Val Loss: 0.018153
2026-03-23 09:50:58,359 | INFO     | Epoch 126/250 - Train Loss: 0.016229, Val Loss: 0.018569[0m
2026-03-23 09:53:30,606 | INFO     | Epoch 127/250 - Train Loss: 0.016077, Val Loss: 0.018836[0m
2026-03-23 09:56:02,883 | INFO     | Epoch 128/250 - Train Loss: 0.015898, Val Loss: 0.018136[0m
2026-03-23 09:56:02,939 | INFO     | New best model saved with Val Loss: 0.018136
2026-03-23 09:58:35,248 | INFO     | Epoch 129/250 - Train Loss: 0.016029, Val Loss: 0.018502[0m
2026-03-23 10:01:07,361 | INFO     | Epoch 130/250 - Train Loss: 0.015726, Val Loss: 0.018924[0m
2026-03-23 10:03:39,979 | INFO     | Epoch 131/250 - Train Loss: 0.015716, Val Loss: 0.019196[0m
2026-03-23 10:06:12,075 | INFO     | Epoch 132/250 - Train Loss: 0.015665, Val Loss: 0.018897[0m
2026-03-23 10:08:44,155 | INFO     | Epoch 133/250 - Train Loss: 0.015544, Val Loss: 0.018791[0m
2026-03-23 10:11:16,264 | INFO     | Epoch 134/250 - Train Loss: 0.015421, Val Loss: 0.017962[0m
2026-03-23 10:11:16,314 | INFO     | New best model saved with Val Loss: 0.017962
2026-03-23 10:13:48,512 | INFO     | Epoch 135/250 - Train Loss: 0.015623, Val Loss: 0.018082[0m
2026-03-23 10:16:20,621 | INFO     | Epoch 136/250 - Train Loss: 0.015361, Val Loss: 0.018380[0m
2026-03-23 10:18:52,721 | INFO     | Epoch 137/250 - Train Loss: 0.015230, Val Loss: 0.018495[0m
2026-03-23 10:21:24,823 | INFO     | Epoch 138/250 - Train Loss: 0.015042, Val Loss: 0.017822[0m
2026-03-23 10:21:24,873 | INFO     | New best model saved with Val Loss: 0.017822
2026-03-23 10:23:57,033 | INFO     | Epoch 139/250 - Train Loss: 0.015222, Val Loss: 0.018071[0m
2026-03-23 10:26:29,114 | INFO     | Epoch 140/250 - Train Loss: 0.015253, Val Loss: 0.017957[0m
2026-03-23 10:29:01,414 | INFO     | Epoch 141/250 - Train Loss: 0.015289, Val Loss: 0.017967[0m
2026-03-23 10:31:33,547 | INFO     | Epoch 142/250 - Train Loss: 0.014811, Val Loss: 0.017762[0m
2026-03-23 10:31:33,599 | INFO     | New best model saved with Val Loss: 0.017762
2026-03-23 10:34:05,889 | INFO     | Epoch 143/250 - Train Loss: 0.014751, Val Loss: 0.018296[0m
2026-03-23 10:36:37,994 | INFO     | Epoch 144/250 - Train Loss: 0.015125, Val Loss: 0.018623[0m
2026-03-23 10:39:10,270 | INFO     | Epoch 145/250 - Train Loss: 0.014787, Val Loss: 0.018106[0m
2026-03-23 10:41:42,364 | INFO     | Epoch 146/250 - Train Loss: 0.014766, Val Loss: 0.018215[0m
2026-03-23 10:44:14,462 | INFO     | Epoch 147/250 - Train Loss: 0.014779, Val Loss: 0.018044[0m
2026-03-23 10:46:46,555 | INFO     | Epoch 148/250 - Train Loss: 0.014623, Val Loss: 0.018268[0m
2026-03-23 10:49:18,651 | INFO     | Epoch 149/250 - Train Loss: 0.014496, Val Loss: 0.017271[0m
2026-03-23 10:49:18,696 | INFO     | New best model saved with Val Loss: 0.017271
2026-03-23 10:51:50,798 | INFO     | Epoch 150/250 - Train Loss: 0.014460, Val Loss: 0.018071[0m
2026-03-23 10:54:22,993 | INFO     | Epoch 151/250 - Train Loss: 0.012629, Val Loss: 0.015526[0m
2026-03-23 10:54:23,044 | INFO     | New best model saved with Val Loss: 0.015526
2026-03-23 10:56:55,208 | INFO     | Epoch 152/250 - Train Loss: 0.012445, Val Loss: 0.015619[0m
2026-03-23 10:59:27,356 | INFO     | Epoch 153/250 - Train Loss: 0.012420, Val Loss: 0.016245[0m
2026-03-23 11:01:59,573 | INFO     | Epoch 154/250 - Train Loss: 0.012469, Val Loss: 0.015976[0m
2026-03-23 11:04:31,706 | INFO     | Epoch 155/250 - Train Loss: 0.012326, Val Loss: 0.015724[0m
2026-03-23 11:07:03,985 | INFO     | Epoch 156/250 - Train Loss: 0.012305, Val Loss: 0.015729[0m
2026-03-23 11:09:36,091 | INFO     | Epoch 157/250 - Train Loss: 0.012322, Val Loss: 0.015841[0m
2026-03-23 11:12:08,186 | INFO     | Epoch 158/250 - Train Loss: 0.012226, Val Loss: 0.015950[0m
2026-03-23 11:14:40,497 | INFO     | Epoch 159/250 - Train Loss: 0.012269, Val Loss: 0.015652[0m
2026-03-23 11:17:12,608 | INFO     | Epoch 160/250 - Train Loss: 0.012190, Val Loss: 0.015839[0m
2026-03-23 11:19:44,805 | INFO     | Epoch 161/250 - Train Loss: 0.012182, Val Loss: 0.015913[0m
2026-03-23 11:22:16,898 | INFO     | Epoch 162/250 - Train Loss: 0.012074, Val Loss: 0.015653[0m
2026-03-23 11:24:49,186 | INFO     | Epoch 163/250 - Train Loss: 0.012077, Val Loss: 0.015676[0m
2026-03-23 11:27:21,343 | INFO     | Epoch 164/250 - Train Loss: 0.011998, Val Loss: 0.015636[0m
2026-03-23 11:29:53,469 | INFO     | Epoch 165/250 - Train Loss: 0.012018, Val Loss: 0.015663[0m
2026-03-23 11:32:25,595 | INFO     | Epoch 166/250 - Train Loss: 0.011823, Val Loss: 0.015557[0m
2026-03-23 11:34:58,051 | INFO     | Epoch 167/250 - Train Loss: 0.011898, Val Loss: 0.015631[0m
2026-03-23 11:37:30,151 | INFO     | Epoch 168/250 - Train Loss: 0.011814, Val Loss: 0.015403[0m
2026-03-23 11:37:30,201 | INFO     | New best model saved with Val Loss: 0.015403
2026-03-23 11:40:02,321 | INFO     | Epoch 169/250 - Train Loss: 0.011844, Val Loss: 0.016163[0m
2026-03-23 11:42:34,420 | INFO     | Epoch 170/250 - Train Loss: 0.011793, Val Loss: 0.015545[0m
2026-03-23 11:45:06,636 | INFO     | Epoch 171/250 - Train Loss: 0.011769, Val Loss: 0.015301[0m
2026-03-23 11:45:06,686 | INFO     | New best model saved with Val Loss: 0.015301
2026-03-23 11:47:38,789 | INFO     | Epoch 172/250 - Train Loss: 0.011755, Val Loss: 0.015284[0m
2026-03-23 11:47:38,840 | INFO     | New best model saved with Val Loss: 0.015284
2026-03-23 11:50:10,940 | INFO     | Epoch 173/250 - Train Loss: 0.011646, Val Loss: 0.015314[0m
2026-03-23 11:52:43,068 | INFO     | Epoch 174/250 - Train Loss: 0.011669, Val Loss: 0.015069[0m
2026-03-23 11:52:43,118 | INFO     | New best model saved with Val Loss: 0.015069
2026-03-23 11:55:15,221 | INFO     | Epoch 175/250 - Train Loss: 0.011495, Val Loss: 0.015475[0m
2026-03-23 11:57:47,417 | INFO     | Epoch 176/250 - Train Loss: 0.011576, Val Loss: 0.015357[0m
2026-03-23 12:00:19,676 | INFO     | Epoch 177/250 - Train Loss: 0.011553, Val Loss: 0.015591[0m
2026-03-23 12:02:51,774 | INFO     | Epoch 178/250 - Train Loss: 0.011488, Val Loss: 0.015544[0m
2026-03-23 12:05:23,928 | INFO     | Epoch 179/250 - Train Loss: 0.011421, Val Loss: 0.015455[0m
2026-03-23 12:07:56,164 | INFO     | Epoch 180/250 - Train Loss: 0.011510, Val Loss: 0.015765[0m
2026-03-23 12:10:28,454 | INFO     | Epoch 181/250 - Train Loss: 0.011360, Val Loss: 0.015232[0m
2026-03-23 12:13:00,597 | INFO     | Epoch 182/250 - Train Loss: 0.011374, Val Loss: 0.015546[0m
2026-03-23 12:15:32,736 | INFO     | Epoch 183/250 - Train Loss: 0.011541, Val Loss: 0.014904[0m
2026-03-23 12:15:32,791 | INFO     | New best model saved with Val Loss: 0.014904
2026-03-23 12:18:04,965 | INFO     | Epoch 184/250 - Train Loss: 0.011342, Val Loss: 0.015025[0m
2026-03-23 12:20:37,165 | INFO     | Epoch 185/250 - Train Loss: 0.011230, Val Loss: 0.015188[0m
2026-03-23 12:23:09,263 | INFO     | Epoch 186/250 - Train Loss: 0.011282, Val Loss: 0.015700[0m
2026-03-23 12:25:41,377 | INFO     | Epoch 187/250 - Train Loss: 0.011231, Val Loss: 0.015337[0m
2026-03-23 12:28:13,496 | INFO     | Epoch 188/250 - Train Loss: 0.011211, Val Loss: 0.015288[0m
2026-03-23 12:30:45,628 | INFO     | Epoch 189/250 - Train Loss: 0.011229, Val Loss: 0.016195[0m
2026-03-23 12:33:17,775 | INFO     | Epoch 190/250 - Train Loss: 0.011119, Val Loss: 0.015570[0m
2026-03-23 12:35:49,971 | INFO     | Epoch 191/250 - Train Loss: 0.011174, Val Loss: 0.015241[0m
2026-03-23 12:38:22,090 | INFO     | Epoch 192/250 - Train Loss: 0.011116, Val Loss: 0.014860[0m
2026-03-23 12:38:22,141 | INFO     | New best model saved with Val Loss: 0.014860
2026-03-23 12:40:54,404 | INFO     | Epoch 193/250 - Train Loss: 0.011002, Val Loss: 0.015105[0m
2026-03-23 12:43:26,524 | INFO     | Epoch 194/250 - Train Loss: 0.011083, Val Loss: 0.015045[0m
2026-03-23 12:45:58,828 | INFO     | Epoch 195/250 - Train Loss: 0.011012, Val Loss: 0.014835[0m
2026-03-23 12:45:58,884 | INFO     | New best model saved with Val Loss: 0.014835
2026-03-23 12:48:31,004 | INFO     | Epoch 196/250 - Train Loss: 0.010986, Val Loss: 0.015004[0m
2026-03-23 12:51:03,113 | INFO     | Epoch 197/250 - Train Loss: 0.010922, Val Loss: 0.014895[0m
2026-03-23 12:53:35,205 | INFO     | Epoch 198/250 - Train Loss: 0.010936, Val Loss: 0.014940[0m
2026-03-23 12:56:07,314 | INFO     | Epoch 199/250 - Train Loss: 0.010906, Val Loss: 0.014817[0m
2026-03-23 12:56:07,365 | INFO     | New best model saved with Val Loss: 0.014817
2026-03-23 12:58:39,538 | INFO     | Epoch 200/250 - Train Loss: 0.010782, Val Loss: 0.015584[0m
2026-03-23 13:01:11,763 | INFO     | Epoch 201/250 - Train Loss: 0.010047, Val Loss: 0.014149[0m
2026-03-23 13:01:11,818 | INFO     | New best model saved with Val Loss: 0.014149
2026-03-23 13:03:43,974 | INFO     | Epoch 202/250 - Train Loss: 0.009909, Val Loss: 0.014252[0m
2026-03-23 13:06:16,077 | INFO     | Epoch 203/250 - Train Loss: 0.009916, Val Loss: 0.014174[0m
2026-03-23 13:08:48,167 | INFO     | Epoch 204/250 - Train Loss: 0.009901, Val Loss: 0.014486[0m
2026-03-23 13:11:20,267 | INFO     | Epoch 205/250 - Train Loss: 0.009892, Val Loss: 0.014318[0m
2026-03-23 13:13:52,380 | INFO     | Epoch 206/250 - Train Loss: 0.009838, Val Loss: 0.014149[0m
2026-03-23 13:16:24,556 | INFO     | Epoch 207/250 - Train Loss: 0.009885, Val Loss: 0.014126[0m
2026-03-23 13:16:24,607 | INFO     | New best model saved with Val Loss: 0.014126
2026-03-23 13:18:56,723 | INFO     | Epoch 208/250 - Train Loss: 0.009850, Val Loss: 0.014029[0m
2026-03-23 13:18:56,773 | INFO     | New best model saved with Val Loss: 0.014029
2026-03-23 13:21:28,876 | INFO     | Epoch 209/250 - Train Loss: 0.009825, Val Loss: 0.013979[0m
2026-03-23 13:21:28,915 | INFO     | New best model saved with Val Loss: 0.013979
2026-03-23 13:24:01,028 | INFO     | Epoch 210/250 - Train Loss: 0.009799, Val Loss: 0.013947[0m
2026-03-23 13:24:01,079 | INFO     | New best model saved with Val Loss: 0.013947
2026-03-23 13:26:33,325 | INFO     | Epoch 211/250 - Train Loss: 0.009789, Val Loss: 0.014165[0m
2026-03-23 13:29:05,459 | INFO     | Epoch 212/250 - Train Loss: 0.009798, Val Loss: 0.014208[0m
2026-03-23 13:31:37,564 | INFO     | Epoch 213/250 - Train Loss: 0.009793, Val Loss: 0.013899[0m
2026-03-23 13:31:37,624 | INFO     | New best model saved with Val Loss: 0.013899
2026-03-23 13:34:09,754 | INFO     | Epoch 214/250 - Train Loss: 0.009713, Val Loss: 0.014135[0m
2026-03-23 13:36:41,880 | INFO     | Epoch 215/250 - Train Loss: 0.009694, Val Loss: 0.013926[0m
2026-03-23 13:39:13,980 | INFO     | Epoch 216/250 - Train Loss: 0.009661, Val Loss: 0.014136[0m
2026-03-23 13:41:46,098 | INFO     | Epoch 217/250 - Train Loss: 0.009702, Val Loss: 0.013980[0m
2026-03-23 13:44:18,228 | INFO     | Epoch 218/250 - Train Loss: 0.009659, Val Loss: 0.013967[0m
2026-03-23 13:46:50,445 | INFO     | Epoch 219/250 - Train Loss: 0.009632, Val Loss: 0.013932[0m
2026-03-23 13:49:22,523 | INFO     | Epoch 220/250 - Train Loss: 0.009651, Val Loss: 0.013917[0m
2026-03-23 13:51:54,728 | INFO     | Epoch 221/250 - Train Loss: 0.009580, Val Loss: 0.014118[0m
2026-03-23 13:54:26,805 | INFO     | Epoch 222/250 - Train Loss: 0.009602, Val Loss: 0.013918[0m
2026-03-23 13:56:58,899 | INFO     | Epoch 223/250 - Train Loss: 0.009611, Val Loss: 0.013861[0m
2026-03-23 13:56:58,945 | INFO     | New best model saved with Val Loss: 0.013861
2026-03-23 13:59:31,283 | INFO     | Epoch 224/250 - Train Loss: 0.009599, Val Loss: 0.013981[0m
2026-03-23 14:02:03,563 | INFO     | Epoch 225/250 - Train Loss: 0.009481, Val Loss: 0.013968[0m
2026-03-23 14:04:35,758 | INFO     | Epoch 226/250 - Train Loss: 0.009534, Val Loss: 0.014002[0m
2026-03-23 14:07:07,874 | INFO     | Epoch 227/250 - Train Loss: 0.009471, Val Loss: 0.013878[0m
2026-03-23 14:09:40,003 | INFO     | Epoch 228/250 - Train Loss: 0.009548, Val Loss: 0.013938[0m
2026-03-23 14:12:12,111 | INFO     | Epoch 229/250 - Train Loss: 0.009458, Val Loss: 0.013925[0m
2026-03-23 14:14:44,325 | INFO     | Epoch 230/250 - Train Loss: 0.009422, Val Loss: 0.013812[0m
2026-03-23 14:14:44,381 | INFO     | New best model saved with Val Loss: 0.013812
2026-03-23 14:17:16,848 | INFO     | Epoch 231/250 - Train Loss: 0.009492, Val Loss: 0.013840[0m
2026-03-23 14:19:48,965 | INFO     | Epoch 232/250 - Train Loss: 0.009454, Val Loss: 0.014152[0m
2026-03-23 14:22:21,119 | INFO     | Epoch 233/250 - Train Loss: 0.009421, Val Loss: 0.013861[0m
2026-03-23 14:24:53,235 | INFO     | Epoch 234/250 - Train Loss: 0.009372, Val Loss: 0.014185[0m
2026-03-23 14:27:25,336 | INFO     | Epoch 235/250 - Train Loss: 0.009360, Val Loss: 0.014141[0m
2026-03-23 14:29:57,451 | INFO     | Epoch 236/250 - Train Loss: 0.009385, Val Loss: 0.013860[0m
2026-03-23 14:32:29,562 | INFO     | Epoch 237/250 - Train Loss: 0.009345, Val Loss: 0.014157[0m
2026-03-23 14:35:01,739 | INFO     | Epoch 238/250 - Train Loss: 0.009352, Val Loss: 0.014049[0m
2026-03-23 14:37:33,840 | INFO     | Epoch 239/250 - Train Loss: 0.009311, Val Loss: 0.013733[0m
2026-03-23 14:37:33,890 | INFO     | New best model saved with Val Loss: 0.013733
2026-03-23 14:40:06,005 | INFO     | Epoch 240/250 - Train Loss: 0.009253, Val Loss: 0.013651[0m
2026-03-23 14:40:06,055 | INFO     | New best model saved with Val Loss: 0.013651
2026-03-23 14:42:38,272 | INFO     | Epoch 241/250 - Train Loss: 0.009278, Val Loss: 0.013794[0m
2026-03-23 14:45:10,756 | INFO     | Epoch 242/250 - Train Loss: 0.009324, Val Loss: 0.013941[0m
2026-03-23 14:47:42,863 | INFO     | Epoch 243/250 - Train Loss: 0.009261, Val Loss: 0.013712[0m
2026-03-23 14:50:14,986 | INFO     | Epoch 244/250 - Train Loss: 0.009262, Val Loss: 0.013756[0m
2026-03-23 14:52:47,225 | INFO     | Epoch 245/250 - Train Loss: 0.009197, Val Loss: 0.013817[0m
2026-03-23 14:55:19,488 | INFO     | Epoch 246/250 - Train Loss: 0.009247, Val Loss: 0.014106[0m
2026-03-23 14:57:51,871 | INFO     | Epoch 247/250 - Train Loss: 0.009188, Val Loss: 0.013713[0m
2026-03-23 15:00:24,218 | INFO     | Epoch 248/250 - Train Loss: 0.009248, Val Loss: 0.013730[0m
2026-03-23 15:02:56,358 | INFO     | Epoch 249/250 - Train Loss: 0.009291, Val Loss: 0.013739[0m
2026-03-23 15:05:28,471 | INFO     | Epoch 250/250 - Train Loss: 0.009090, Val Loss: 0.013543[0m
2026-03-23 15:05:28,517 | INFO     | New best model saved with Val Loss: 0.013543
2026-03-23 15:05:28,638 | INFO     | Final model saved to experiments_DrivAerML/spressure_N10k_lr1e-3_e250_v1/final_model.pth
2026-03-23 15:05:28,638 | INFO     | Testing the final model
2026-03-23 15:05:32,791 | INFO     | *******************[35mL2_erro:[0m
2026-03-23 15:05:32,791 | INFO     |  0.086556
2026-03-23 15:05:32,792 | INFO     | *******************[35mmse_loss:[0m
2026-03-23 15:05:32,792 | INFO     |  0.012925
2026-03-23 15:05:32,792 | INFO     | *******************[35minference_time:[0m
2026-03-23 15:05:32,792 | INFO     |  0.003207
2026-03-23 15:05:32,792 | INFO     | Testing the best model
2026-03-23 15:05:36,950 | INFO     | *******************[35mL2_erro:[0m
2026-03-23 15:05:36,950 | INFO     |  0.086556
2026-03-23 15:05:36,950 | INFO     | *******************[35mmse_loss:[0m
2026-03-23 15:05:36,950 | INFO     |  0.012925
2026-03-23 15:05:36,950 | INFO     | *******************[35minference_time:[0m
2026-03-23 15:05:36,950 | INFO     |  0.003165
